==== F
      base  hs300     C1  C1_diff     C2  C2_diff     C3  C3_diff
2006   1.8  116.8   93.8     90.4  116.8    113.0   82.3     79.1
2007   1.8  161.5  115.5    111.7  127.7    123.7  118.2    114.4
2008   3.5  -65.9    0.3     -3.1   -0.4     -3.8   -4.7     -7.9
2009  23.0   96.7   56.9     27.6   66.0     35.0   53.1     24.5
2010   1.8  -12.5   -3.4     -5.1   -4.7     -6.4   -7.3     -8.9
2011  -2.0  -25.0   -3.5     -1.5   -3.9     -1.9   -7.3     -5.4
2012   9.1    7.6    7.4     -1.7    6.7     -2.2    8.4     -0.9
2013  16.9   -7.6   13.8     -2.8    9.6     -6.7   15.0     -1.4
2014  19.9   51.7   59.7     33.3   75.0     46.1   52.2     27.3
2015   8.2    5.6   19.1     10.1   20.9     11.8   13.4      4.8
2016   3.7  -11.3   -0.4     -3.9   -1.4     -4.9    1.2     -2.4
2017   1.0   21.8   12.5     11.4   15.8     14.6   10.5      9.4
2018 -14.9  -25.3  -14.8      0.1  -15.0     -0.6  -16.6     -2.5
2019  27.1   36.1   26.8     -0.2   29.7      2.0   26.4     -0.8
2020  15.6   27.2   23.5      6.8   24.8      8.1   22.5      6.0
2021  19.8   -5.2   23.8      3.2   21.0      0.6   24.8      3.5
2022  15.4  -21.6   14.6     -1.0   13.5     -1.9   15.0     -0.6
2023  22.1  -11.4   18.7     -2.3   17.1     -3.5   19.9     -1.4
2024   2.2   14.7    2.2     -0.5    1.7     -0.8    2.3     -0.1
2025  16.7   17.7   21.3      3.8   23.9      6.0   19.9      2.8
2026  12.0   -0.2    7.4     -4.0    6.0     -5.4    7.9     -3.7
==== B
      base  hs300    C1  C1_diff    C2  C2_diff    C3  C3_diff
2016   3.7   -4.6   5.6      1.9   6.2      2.4   6.5      2.7
2017   1.0   21.8  12.5     11.4  15.8     14.6  10.5      9.4
2018 -13.3  -25.3 -12.6      0.1 -13.2     -0.5 -15.4     -2.5
2019  27.0   36.1  27.2     -0.2  30.0      2.0  26.5     -0.8
2020  15.7   27.2  24.1      6.6  25.0      8.0  22.5      6.0
2021  19.8   -5.2  23.8      3.0  20.8      0.5  24.2      3.4
2022  14.5  -21.6  13.3     -1.0  12.2     -1.9  13.8     -0.7
2023  21.0  -11.4  18.3     -2.1  16.5     -3.3  19.5     -1.2
2024   0.9   14.7  -0.2     -0.6  -0.8     -1.1   0.5     -0.1
2025  17.1   17.7  21.3      4.1  23.6      6.1  20.0      2.9
2026  11.9   -0.2   7.7     -4.0   6.0     -5.3   7.7     -3.6
C1 cum wealth ratio 1.198 without best year 1.076 without best 2 years 1.009 best years ['2017', '2020'] 2016-2020 1.209 2021-2026 0.991
C2 cum wealth ratio 1.219 without best year 1.064 without best 2 years 0.985 best years ['2017', '2020'] 2016-2020 1.286 2021-2026 0.948
C3 cum wealth ratio 1.157 without best year 1.058 without best 2 years 0.998 best years ['2017', '2020'] 2016-2020 1.152 2021-2026 1.005
==== rolling start to 2026-08-21 (80 seeds): cagr diff pp / dd diff pp
2006 base  9.40% dd -27.7 | C1 +11.17 dd  -1.6 | C2 +12.77 dd  -5.2 | C3 +9.41 dd  -3.7
2007 base  9.80% dd -27.7 | C1 +7.47 dd  -1.5 | C2 +8.77 dd  -5.2 | C3 +5.87 dd  -3.7
2008 base 10.24% dd -27.7 | C1 +3.64 dd  -1.5 | C2 +4.27 dd  -5.2 | C3 +2.11 dd  -3.7
2009 base  9.44% dd -26.8 | C1 +4.56 dd  -2.6 | C2 +5.21 dd  -5.8 | C3 +3.18 dd  -4.9
2010 base  9.92% dd -26.8 | C1 +2.78 dd  +0.1 | C2 +3.00 dd  -2.1 | C3 +1.60 dd  -1.1
2011 base 10.46% dd -26.8 | C1 +3.17 dd  +0.1 | C2 +3.47 dd  -1.8 | C3 +2.23 dd  -0.7
2012 base 11.16% dd -27.3 | C1 +3.83 dd  +0.4 | C2 +4.27 dd  -1.4 | C3 +3.02 dd  +0.1
2013 base  9.61% dd -27.7 | C1 +3.74 dd  -0.0 | C2 +4.21 dd  -2.2 | C3 +2.97 dd  -1.2
2014 base  9.81% dd -26.8 | C1 +5.33 dd  +0.1 | C2 +6.29 dd  -1.5 | C3 +4.25 dd  -1.9
2015 base 10.26% dd -26.8 | C1 +1.97 dd  +0.0 | C2 +2.26 dd  -1.7 | C3 +1.17 dd  -1.8
2016 base 10.51% dd -26.8 | C1 +1.97 dd  -0.4 | C2 +2.05 dd  -1.7 | C3 +1.57 dd  -0.0
2017 base 11.86% dd -27.5 | C1 +2.01 dd  +0.1 | C2 +2.05 dd  -1.6 | C3 +1.49 dd  +0.0
2018 base 13.12% dd -28.9 | C1 +0.29 dd  -1.5 | C2 +0.07 dd  -1.6 | C3 +0.18 dd  -0.0
2019 base 12.15% dd -23.2 | C1 +2.81 dd  -0.2 | C2 +2.89 dd  -0.9 | C3 +2.39 dd  +0.1
2020 base 13.43% dd -23.4 | C1 +1.02 dd  +0.2 | C2 +0.59 dd  -0.9 | C3 +1.30 dd  -0.1
2021 base 15.55% dd -23.3 | C1 -0.22 dd  -0.2 | C2 -0.65 dd  -1.5 | C3 +0.01 dd  -0.0
2022 base 15.36% dd -23.2 | C1 -0.85 dd  -0.4 | C2 -1.73 dd  -1.2 | C3 -1.13 dd  -0.4
2023 base  9.34% dd -17.9 | C1 -1.59 dd  -2.1 | C2 -1.76 dd  -4.7 | C3 -1.50 dd  -1.1
2024 base 13.96% dd -18.5 | C1 -0.39 dd  -0.3 | C2 -0.30 dd  -1.5 | C3 -0.62 dd  +0.0
